 <!DOCTYPE html>
 <html lang="it" xml:lang="it">
 <head>
     <title>Invox</title>
     <meta name="viewport" content="width=device-width, initial-scale=1.0">

             <link href="/css/main.css?v0.2.19" rel="stylesheet" media="screen">

     <!-- HTML5 Shim and Respond.js add IE8 support of HTML5 elements and media queries -->
     <!--[if lt IE 9]>
     <script src="https://oss.maxcdn.com/libs/html5shiv/3.7.0/html5shiv-printshiv.min.js"></script>
     <script src="https://oss.maxcdn.com/libs/respond.js/1.3.0/respond.min.js"></script>
     <![endif]-->

     <script src="/js/jquery.min.js"></script>

     <script>
         $('html').addClass('js');
     </script>
 </head>
 <body>
 <div id="page">
             <header>
             <nav class="navbar navbar-default navbar-inverse">
                 <div class="container">

                     <div class="navbar-header">
                         <div class="navbar-brand">
                             <a href="/app_test.php/">
                                 <img src="/logo.png" alt="Invox"/>
                             </a>
                         </div>

                     </div>

                     <div class="top-header-collapse collapse navbar-collapse" id="top-navbar-collapse">
                         <div class="navbar-right">
                                     <ul class="user-menu nav navbar-nav">

                 <li class="first">        <a href="/app_test.php/register">Register</a>
     </li>


                 <li>        <a href="/app_test.php/login">Login</a>
     </li>


                             <li class="dropdown current_ancestor last">        <a href="#" class="dropdown-toggle" data-toggle="dropdown" role="button" aria-haspopup="aria-haspopup"><span class="lang-sm lang-is" lang="en"></span>&nbsp;<span class="caret"></span></a>                <ul class="dropdown-menu menu_level_1">

                 <li class="active current first">        <a href="/app_test.php/reset-password"><span class="lang-sm lang-is" lang="en"></span> English</a>
     </li>


                 <li class="last">        <a href="/app_test.php/it/reset-password"><span class="lang-sm lang-is" lang="it"></span> Italian</a>
     </li>


     </ul>

     </li>


     </ul>

                         </div>
                     </div>

                 </div>
             </nav>
                     </header>

             <div class="main-content container">
             <div class="row">

                     <section id="main-content" class="col-md-12">

         <div class="panel panel-default">

             <div class="panel-body">






                     <div class="col-md-12 col-lg-push-3 col-lg-6">
         <h1>Did you forget your password?</h1>

         <form name="requestResetPassword" method="post">
         <div class="panel panel-default">
             <div class="panel-body">
                 <span class="alert alert-danger d-block"><span class="d-block">
                     <span class="form-error-icon badge badge-danger text-uppercase">Error</span> <span class="form-error-message">Your account is not yet confirmed. Please click &lt;a href=&quot;/app_test.php/register/not-yet-active@example.com/resend-confirmation&quot;&gt;here&lt;/a&gt; to send another confirmation email.</span>
                 </span></span>

                 <div id="requestResetPassword"><span class="alert alert-danger d-block"><span class="d-block">
                     <span class="form-error-icon badge badge-danger text-uppercase">Error</span> <span class="form-error-message">Your account is not yet confirmed. Please click &lt;a href=&quot;/app_test.php/register/not-yet-active@example.com/resend-confirmation&quot;&gt;here&lt;/a&gt; to send another confirmation email.</span>
                 </span></span><div class="form-group"><label for="requestResetPassword_email" class="required">Email</label><input type="email" id="requestResetPassword_email" name="requestResetPassword[email]" required="required" class="form-control" value="not-yet-active@example.com" /></div><input type="hidden" id="requestResetPassword__token" name="requestResetPassword[_token]" value="q5ddPpW1TCLZfdkEBF3lpOo6oNUj1rCBYdnCYSZmmIk" /></div>



                 <hr/>

                 <button class="request-reset-password btn btn-primary"
                         type="submit">Request</button>
             </div>
         </div>

         </form>
     </div>
             </div>
         </div>
     </section>

                 <div class="push"></div>
             </div>
         </div>

             <footer class="main-footer text-center">
             <small class="pull-left ">
                 <span class="label label-default">v0.2.19</span>
             </small>

             <a href="/app_test.php/privacy">Privacy</a> |
             <a href="/app_test.php/terms">Terms and conditions</a> |
             <a href="/app_test.php/contact-us">Contact us</a> |

             <small>
                 &copy; <a href="http://di-side.com" target="_blank">Di-SiDE</a> 2019
             </small>
         </footer>

             <script>
         (function (i, s, o, g, r, a, m) {
             i['GoogleAnalyticsObject'] = r;
             i[r] = i[r] || function () {
                         (i[r].q = i[r].q || []).push(arguments)
                     }, i[r].l = 1 * new Date();
             a = s.createElement(o),
                     m = s.getElementsByTagName(o)[0];
             a.async = 1;
             a.src = g;
             m.parentNode.insertBefore(a, m)
         })(window, document, 'script', 'https://www.google-analytics.com/analytics.js', 'ga');

         ga('create', 'UA-22665804-8', 'auto');
         ga('send', 'pageview');
     </script>

     </div>

     <script src="/js/main.min.js?v0.2.19"></script>

 </body>
 </html>